[medium.com/data-breach/introduction-to-harris-corner-detector-32a88850b3f6.html]
[backblue.gif]
[fade.gif]
[index.html]
[medium.com/data-breach/android-app_/com.medium.reader/https/medium.com/p/32a88850b3f6]
[medium.com/data-breach/introduction-to-sift-scale-invariant-feature-transform-65d7f3a72d40655a.html]
[medium.com/data-breach/introduction-to-sift-scale-invariant-feature-transform-65d7f3a72d40d5e3.html]
[medium.com/data-breach/introduction-to-surf-speeded-up-robust-features-c7396d6e7c4e1ee7.html]
[medium.com/data-breach/introduction-to-surf-speeded-up-robust-features-c7396d6e7c4e3881.html]
[medium.com/data-breach/introduction-to-orb-oriented-fast-and-rotated-brief-4220e8ec40cfd835.html]
[medium.com/data-breach/introduction-to-orb-oriented-fast-and-rotated-brief-4220e8ec40cfe358.html]
[medium.com/data-breach/introduction-to-feature-detection-and-matching-65e27179885d2434.html]
[medium.com/data-breach/introduction-to-feature-detection-and-matching-65e27179885dbb53.html]
[medium.com/data-breach/uxdesign.html]
[medium.com/data-breach/psiloveyou.html]
[medium.com/data-breach/introduction-to-harris-corner-detector-32a88850b3f6.html]
[medium.com/data-breach/android-app_/com.medium.reader/https/medium.com/p/32a88850b3f6.html]
[medium.com/data-breach/betterhumans.coach.html]
[medium.com/data-breach/introduction-to-sift-scale-invariant-feature-transform-65d7f3a72d40.html]
[medium.com/data-breach/android-app_/com.medium.reader/https/medium.com/p/65d7f3a72d40]
[medium.com/data-breach/introduction-to-harris-corner-detector-32a88850b3f63d5a.html]
[medium.com/data-breach/introduction-to-harris-corner-detector-32a88850b3f63c97.html]
[medium.com/data-breach/introduction-to-surf-speeded-up-robust-features-c7396d6e7c4e7ce7.html]
[medium.com/data-breach/introduction-to-surf-speeded-up-robust-features-c7396d6e7c4ec067.html]
[medium.com/data-breach/introduction-to-orb-oriented-fast-and-rotated-brief-4220e8ec40cfb09a.html]
[medium.com/data-breach/introduction-to-sift-scale-invariant-feature-transform-65d7f3a72d40655a.html]
[medium.com/data-breach/introduction-to-sift-scale-invariant-feature-transform-65d7f3a72d40d5e3.html]
[medium.com/data-breach/introduction-to-orb-oriented-fast-and-rotated-brief-4220e8ec40cfa004.html]
[medium.com/data-breach/introduction-to-feature-detection-and-matching-65e27179885d5402.html]
[medium.com/data-breach/introduction-to-feature-detection-and-matching-65e27179885d23c3.html]
[medium.com/data-breach/introduction-to-surf-speeded-up-robust-features-c7396d6e7c4e.html]
[medium.com/data-breach/android-app_/com.medium.reader/https/medium.com/p/c7396d6e7c4e]
[medium.com/data-breach/introduction-to-sift-scale-invariant-feature-transform-65d7f3a72d409375.html]
[medium.com/data-breach/introduction-to-sift-scale-invariant-feature-transform-65d7f3a72d40bfc3.html]
[medium.com/data-breach/introduction-to-harris-corner-detector-32a88850b3f619c9.html]
[medium.com/data-breach/introduction-to-harris-corner-detector-32a88850b3f67b71.html]
[medium.com/data-breach/introduction-to-orb-oriented-fast-and-rotated-brief-4220e8ec40cf1356.html]
[medium.com/data-breach/introduction-to-surf-speeded-up-robust-features-c7396d6e7c4e3881.html]
[medium.com/data-breach/introduction-to-surf-speeded-up-robust-features-c7396d6e7c4e1ee7.html]
[medium.com/data-breach/introduction-to-orb-oriented-fast-and-rotated-brief-4220e8ec40cfe5f3.html]
[medium.com/data-breach/introduction-to-feature-detection-and-matching-65e27179885d7c29.html]
[medium.com/data-breach/introduction-to-feature-detection-and-matching-65e27179885d22bc.html]
[medium.com/data-breach/introduction-to-orb-oriented-fast-and-rotated-brief-4220e8ec40cf.html]
[medium.com/data-breach/android-app_/com.medium.reader/https/medium.com/p/4220e8ec40cf]
[medium.com/data-breach/introduction-to-sift-scale-invariant-feature-transform-65d7f3a72d40b1b7.html]
[medium.com/data-breach/introduction-to-sift-scale-invariant-feature-transform-65d7f3a72d408260.html]
[medium.com/data-breach/introduction-to-harris-corner-detector-32a88850b3f696e9.html]
[medium.com/data-breach/introduction-to-harris-corner-detector-32a88850b3f64b44.html]
[medium.com/data-breach/introduction-to-feature-detection-and-matching-65e27179885d2d03.html]
[medium.com/data-breach/introduction-to-orb-oriented-fast-and-rotated-brief-4220e8ec40cfd835.html]
[medium.com/data-breach/introduction-to-orb-oriented-fast-and-rotated-brief-4220e8ec40cfe358.html]
[medium.com/data-breach/introduction-to-feature-detection-and-matching-65e27179885d43ed.html]
[medium.com/data-breach/introduction-to-surf-speeded-up-robust-features-c7396d6e7c4eb65f.html]
[medium.com/data-breach/introduction-to-surf-speeded-up-robust-features-c7396d6e7c4ec677.html]
[medium.com/data-breach/introduction-to-feature-detection-and-matching-65e27179885d.html]
[medium.com/data-breach/android-app_/com.medium.reader/https/medium.com/p/65e27179885d]
[medium.com/data-breach/introduction-to-sift-scale-invariant-feature-transform-65d7f3a72d4000c1.html]
[medium.com/data-breach/introduction-to-sift-scale-invariant-feature-transform-65d7f3a72d40374e.html]
[medium.com/data-breach/introduction-to-harris-corner-detector-32a88850b3f6146d.html]
[medium.com/data-breach/introduction-to-harris-corner-detector-32a88850b3f65aca.html]
[medium.com/data-breach/introduction-to-orb-oriented-fast-and-rotated-brief-4220e8ec40cfcc94.html]
[medium.com/data-breach/introduction-to-feature-detection-and-matching-65e27179885d2434.html]
[medium.com/data-breach/introduction-to-feature-detection-and-matching-65e27179885dbb53.html]
[medium.com/data-breach/uxdesign.html]
[medium.com/data-breach/psiloveyou.html]
[medium.com/data-breach/betterhumans.coach.html]
[medium.com/data-breach/introduction-to-sift-scale-invariant-feature-transform-65d7f3a72d40.html]
[medium.com/data-breach/android-app_/com.medium.reader/https/medium.com/p/65d7f3a72d40.html]
[medium.com/data-breach/introduction-to-harris-corner-detector-32a88850b3f63d5a.html]
[medium.com/data-breach/introduction-to-harris-corner-detector-32a88850b3f63c97.html]
[medium.com/data-breach/introduction-to-surf-speeded-up-robust-features-c7396d6e7c4e7ce7.html]
[medium.com/data-breach/introduction-to-surf-speeded-up-robust-features-c7396d6e7c4ec067.html]
[medium.com/data-breach/introduction-to-orb-oriented-fast-and-rotated-brief-4220e8ec40cfb09a.html]
[medium.com/data-breach/introduction-to-orb-oriented-fast-and-rotated-brief-4220e8ec40cfa004.html]
[medium.com/data-breach/introduction-to-feature-detection-and-matching-65e27179885d5402.html]
[medium.com/data-breach/introduction-to-feature-detection-and-matching-65e27179885d23c3.html]
[medium.com/data-breach/introduction-to-surf-speeded-up-robust-features-c7396d6e7c4e.html]
[medium.com/data-breach/android-app_/com.medium.reader/https/medium.com/p/c7396d6e7c4e.html]
[medium.com/data-breach/introduction-to-sift-scale-invariant-feature-transform-65d7f3a72d409375.html]
[medium.com/data-breach/introduction-to-sift-scale-invariant-feature-transform-65d7f3a72d40bfc3.html]
[medium.com/data-breach/introduction-to-harris-corner-detector-32a88850b3f619c9.html]
[medium.com/data-breach/introduction-to-harris-corner-detector-32a88850b3f67b71.html]
[medium.com/data-breach/introduction-to-orb-oriented-fast-and-rotated-brief-4220e8ec40cf1356.html]
[medium.com/data-breach/introduction-to-orb-oriented-fast-and-rotated-brief-4220e8ec40cfe5f3.html]
[medium.com/data-breach/introduction-to-feature-detection-and-matching-65e27179885d7c29.html]
[medium.com/data-breach/introduction-to-feature-detection-and-matching-65e27179885d22bc.html]
[medium.com/data-breach/introduction-to-orb-oriented-fast-and-rotated-brief-4220e8ec40cf.html]
[medium.com/data-breach/android-app_/com.medium.reader/https/medium.com/p/4220e8ec40cf.html]
[medium.com/data-breach/introduction-to-sift-scale-invariant-feature-transform-65d7f3a72d40b1b7.html]
[medium.com/data-breach/introduction-to-sift-scale-invariant-feature-transform-65d7f3a72d408260.html]
[medium.com/data-breach/introduction-to-harris-corner-detector-32a88850b3f696e9.html]
[medium.com/data-breach/introduction-to-harris-corner-detector-32a88850b3f64b44.html]
[medium.com/data-breach/introduction-to-feature-detection-and-matching-65e27179885d2d03.html]
[medium.com/data-breach/introduction-to-feature-detection-and-matching-65e27179885d43ed.html]
[medium.com/data-breach/introduction-to-surf-speeded-up-robust-features-c7396d6e7c4eb65f.html]
[medium.com/data-breach/introduction-to-surf-speeded-up-robust-features-c7396d6e7c4ec677.html]
[medium.com/data-breach/introduction-to-feature-detection-and-matching-65e27179885d.html]
[medium.com/data-breach/android-app_/com.medium.reader/https/medium.com/p/65e27179885d.html]
[medium.com/data-breach/introduction-to-sift-scale-invariant-feature-transform-65d7f3a72d4000c1.html]
[medium.com/data-breach/introduction-to-sift-scale-invariant-feature-transform-65d7f3a72d40374e.html]
[medium.com/data-breach/introduction-to-harris-corner-detector-32a88850b3f6146d.html]
[medium.com/data-breach/introduction-to-harris-corner-detector-32a88850b3f65aca.html]
[medium.com/data-breach/introduction-to-orb-oriented-fast-and-rotated-brief-4220e8ec40cfcc94.html]
[medium.com/data-breach/introduction-to-orb-oriented-fast-and-rotated-brief-4220e8ec40cfc5ad.html]
[medium.com/data-breach/introduction-to-orb-oriented-fast-and-rotated-brief-4220e8ec40cfc5ad.html]
[medium.com/data-breach/introduction-to-surf-speeded-up-robust-features-c7396d6e7c4e9c22.html]
[medium.com/data-breach/introduction-to-surf-speeded-up-robust-features-c7396d6e7c4e9c22.html]
[medium.com/data-breach/introduction-to-surf-speeded-up-robust-features-c7396d6e7c4ee962.html]
[medium.com/data-breach/introduction-to-surf-speeded-up-robust-features-c7396d6e7c4ee962.html]
