[www.sanfoundry.com/1000-digital-image-processing-questions-answers/index.html]
[gmpg.org/xfn/11.html]
[backblue.gif]
[fade.gif]
[index.html]
[www.sanfoundry.com/wp-content/uploads/2021/06/digital-image-processing-mcq-multiple-choice-questions-img.png]
[www.sanfoundry.com/wp-content/cache/autoptimize/css/autoptimize_73b2d4eea166be45d3d8cc965a2dc00b.css]
[www.sanfoundry.com/xmlrpc0db0.php]
[www.sanfoundry.com/feed/index.html]
[www.sanfoundry.com/comments/feed/index.html]
[fonts.googleapis.com/index.html]
[www.sanfoundry.com/wp-includes/wlwmanifest.xml]
[www.sanfoundry.com/wp-json/index.html]
[www.sanfoundry.com/wp-json/oembed/1.0/embeda686.json]
[www.sanfoundry.com/indexfde5.html]
[www.sanfoundry.com/wp-json/oembed/1.0/embedbe46]
[static.mailerlite.com/js/universal.js]
[pagead2.googlesyndication.com/pagead/js/fbd3b.txt]
[www.sanfoundry.com/apple-touch-icon.png]
[cdn.adpushup.com/41319/adpushup.js]
[www.sanfoundry.com/favicon-32x32.png]
[www.sanfoundry.com/favicon-16x16.png]
[www.sanfoundry.com/safari-pinned-tab.svg]
[www.sanfoundry.com/wp-content/uploads/2021/02/sanfoundry-logo-horizontal-e1624159053156.png]
[cse.google.com/fff6b.txt]
[www.sanfoundry.com/wp-content/uploads/2017/01/Manish2.png]
[www.sanfoundry.com/wp-content/plugins/autoptimize/classes/external/js/lazysizes.min0ded.js]
[www.sanfoundry.com/1000-digital-image-processing-questions-answers/index.html]
[www.sanfoundry.com/wp-content/cache/autoptimize/js/autoptimize_7d338bfc6645d4b6df665796389b2c04.js]
[gmpg.org/xfn/default.css]
[gmpg.org/xfn/.html]
[gmpg.org/xfn/intro.html]
[gmpg.org/xfn/faq.html]
[gmpg.org/xfn/11.html]
[fonts.googleapis.com/index.html]
[fonts.gstatic.com/index.html]
[www.sanfoundry.com/xmlrpc0db0.html]
[www.sanfoundry.com/indexfde5.html]
[www.sanfoundry.com/site.html]
[gmpg.org/xfn/.html]
[gmpg.org/xfn/intro.html]
[gmpg.org/xfn/faq.html]
[www.sanfoundry.com/feed/index.html]
[www.sanfoundry.com/comments/feed/index.html]
[www.sanfoundry.com/wp-includes/wlwmanifest.xml]
[www.sanfoundry.com/wp-content/cache/autoptimize/css/autoptimize_73b2d4eea166be45d3d8cc965a2dc00b.css]
[www.sanfoundry.com/wp-json/index.html]
[static.mailerlite.com/js/universal.js]
[www.sanfoundry.com/wp-json/oembed/1.0/embedbe46]
[www.sanfoundry.com/wp-json/oembed/1.0/embeda686.json]
[pagead2.googlesyndication.com/pagead/js/fbd3b.txt]
[www.sanfoundry.com/xmlrpc0db0.html]
[www.sanfoundry.com/indexfde5.html]
[cdn.adpushup.com/41319/adpushup.js]
[www.sanfoundry.com/site.html]
[cse.google.com/fff6b.txt]
[www.sanfoundry.com/safari-pinned-tab.svg]
[www.sanfoundry.com/wp-content/uploads/2017/01/Manish2.png]
[gmpg.org/xfn/default.css]
